// Vitest Snapshot v1, https://vitest.dev/guide/snapshot.html

exports[`liveLog normalization > 'common' 1`] = `
{
  "ActionName": "一壘安打 ",
  "BallCnt": 0,
  "BattingActionName": "一安",
  "BattingOrder": 1,
  "CatcherAcnt": "0000006211",
  "CatcherName": "張肇元",
  "CatcherUniformNo": "29",
  "Content": "好球沒揮棒。",
  "DefendStationCode": "LF",
  "FirstBase": "",
  "GameSno": 358,
  "HitterAcnt": "0000005531",
  "HitterDefendStation": "7",
  "HitterImgPath": "/files/atts/0L088853811359500564/14邱智呈2025.jpg",
  "HitterLineup": 1,
  "HitterName": "邱智呈",
  "HitterUniformNo": "14",
  "HomeScore": 0,
  "InningSeq": 1,
  "IsBall": "0",
  "IsChangePlayer": "0",
  "IsScoreCnt": "0",
  "IsStrike": "1",
  "KindCode": "A",
  "MainEventNo": "0110001000",
  "OutCnt": 0,
  "PitchCnt": 1,
  "PitcherAcnt": "0000002679",
  "PitcherName": "江承諺",
  "PitcherUniformNo": "20",
  "SecondBase": "",
  "StrikeCnt": 1,
  "ThirdBase": "",
  "VisitingHomeType": "1",
  "VisitingScore": 0,
  "Year": "2025",
}
`;
