// Vitest Snapshot v1, https://vitest.dev/guide/snapshot.html

exports[`curtGameDetail normalization > 'common' 1`] = `
{
  "AudienceCnt": 20552,
  "Briefing": "<p><span>技術室人員：邱景彥、許榮龍、陳俊銘<br /><br />◎統一7-ELEVEn獅 中斷對戰 台鋼雄鷹 3連勝( 2025/09/03~)<br />◎郭俊麟 跨季8連敗(2024/08/19~)、客場跨季6連敗(2024/08/30~)<br />◎台鋼雄鷹 中斷2連敗( 2025/09/26~)、中斷對戰 統一7-ELEVEn獅 3連敗( 2025/09/03~)<br />◎張誠恩 中斷3連敗(2025/05/13~)<br /></span></p>",
  "CloserPitcherAcnt": "",
  "FieldNo": "F29",
  "GameDate": "2025-09-28T00:00:00",
  "GameDateTimeE": "2025-09-28T18:19:00",
  "GameDateTimeS": "2025-09-28T15:05:00",
  "GameDuringTime": "031400",
  "GameResult": "0",
  "GameSeasonCode": "2",
  "GameSno": 358,
  "GameWinningRbiAcnt": "0000003649",
  "HeadUmpire": "紀華文",
  "HitCnt": 4,
  "HitterAcnt": "0000003649",
  "HittingCnt": 1,
  "HomeGameResultLCnt": 26,
  "HomeGameResultTCnt": 2,
  "HomeGameResultWCnt": 26,
  "HomeRunCnt": 0,
  "HomeTeamCode": "AKP011",
  "HomeTotalScore": 8,
  "InningPitchedCnt": null,
  "InningPitchedDiv3Cnt": null,
  "IsFull": "0",
  "IsGameStop": "0",
  "KindCode": "A",
  "LeftFieldReferee": "",
  "LosePitcherAcnt": "0000001260",
  "MvpAcnt": "0000003649",
  "MvpCnt": 7,
  "MvpVisitingHomeType": "2",
  "OneBaseReferee": "林金達",
  "PitcherAcnt": "",
  "RightFieldReferee": "",
  "RunBattedInCnt": 2,
  "RunCnt": null,
  "ScoreCnt": 1,
  "StrikeOutCnt": null,
  "TrheeBaseReferee": "陳均瑋",
  "TwoBaseReferee": "鄭惟丞",
  "VisitingGameResultLCnt": 27,
  "VisitingGameResultTCnt": 0,
  "VisitingGameResultWCnt": 28,
  "VisitingTeamCode": "ADD011",
  "VisitingTotalScore": 3,
  "WinningPitcherAcnt": "0000007069",
  "WinningType": "2",
  "Year": "2025",
}
`;
