// Vitest Snapshot v1, https://vitest.dev/guide/snapshot.html

exports[`curtGameDetail normalization > 'common' 1`] = `
{
  "CloserAcnt": "0000005555",
  "CloserName": "陳冠偉",
  "FieldAbbe": "大巨蛋",
  "GameDate": "2024-03-30T00:00:00",
  "GameDateTimeE": "2024-03-30T20:02:00",
  "GameDateTimeS": "2024-03-30T17:07:00",
  "GameDuringTime": "025500",
  "GameResult": "0",
  "GameSeasonCode": "1",
  "GameSno": 1,
  "HomeClubSmallImgPath": "/files/atts/0L021497845061333235/logo_dragon.png",
  "HomePitcherAcnt": "0000005543",
  "HomePitcherName": "徐若熙",
  "HomeScore": 3,
  "HomeTeamCode": "AAA011",
  "HomeTeamName": "味全龍",
  "IsGameStop": "0",
  "IsPlayBall": "N",
  "KindCode": "A",
  "LoserPitcherAcnt": "0000007062",
  "LoserPitcherName": "威能帝",
  "MultyGame": "N",
  "MvpAcnt": "0000005543",
  "MvpCount": 1,
  "MvpName": "徐若熙",
  "PreExeDate": "2024-03-30T17:05:00",
  "PresentStatus": 1,
  "ReserveDate": null,
  "VisitingClubSmallImgPath": "/files/atts/0L015574823122453305/2024_CPBL六隊Logo_R2_官網.png",
  "VisitingPitcherAcnt": "0000007062",
  "VisitingPitcherName": "威能帝",
  "VisitingScore": 2,
  "VisitingTeamCode": "AJL011",
  "VisitingTeamName": "樂天桃猿",
  "WinningPitcherAcnt": "0000005543",
  "WinningPitcherName": "徐若熙",
  "Year": "2024",
}
`;
